     1                                  section .data
     2 00000000 1900                    	A dw 25
     3 00000002 DDFFFFFF                	B dd -35
     4 00000006 4D696B6861696C204F-     	C db "Mikhail Ovakimyan", 10
     4 0000000F 76616B696D79616E0A 
     5 00000018 D09CD0B8D185D0B0D0-     	D db "Михаил Овакимян", 10
     5 00000021 B8D0BB20D09ED0B2D0-
     5 0000002A B0D0BAD0B8D0BCD18F-
     5 00000033 D0BD0A             
     6                                  
     7 00000036 507265737320456E74-     	ExitMsg db "Press Enter to Exit", 10
     7 0000003F 657220746F20457869-
     7 00000048 740A               
     8                                  	lenExit equ $-ExitMsg
     9                                  section .bss
    10 00000000 <res Ah>                	InBuf resb 10
    11                                  	lenIn equ $-InBuf
    12                                  section .text
    13                                  	global _start
    14                                  _start:
    15                                  	; write
    16 00000000 B804000000              	mov eax, 4
    17 00000005 BB01000000              	mov ebx, 1
    18 0000000A B9[36000000]            	mov ecx, ExitMsg
    19 0000000F BA14000000              	mov edx, lenExit
    20 00000014 CD80                    	int 80h
    21                                  	; read
    22 00000016 B803000000              	mov eax, 3
    23 0000001B BB00000000              	mov ebx, 0
    24 00000020 B9[00000000]            	mov ecx, InBuf
    25 00000025 BA0A000000              	mov edx, lenIn
    26 0000002A CD80                    	int 80h
    27                                  	; exit
    28 0000002C B801000000              	mov eax, 1
    29 00000031 31DB                    	xor ebx, ebx
    30 00000033 CD80                    	int 80h;
