     1                                  section .data
     2 00000000 1900                    	A dw 25
     3 00000002 DDFFFFFF                	B dd -35
     4 00000006 4D696B6861696C204F-     	C db "Mikhail Ovakimyan", 10
     4 0000000F 76616B696D79616E0A 
     5                                  
     6 00000018 507265737320456E74-     	ExitMsg db "Press Enter to Exit", 10
     6 00000021 657220746F20457869-
     6 0000002A 740A               
     7                                  	lenExit equ $-ExitMsg
     8                                  section .bss
     9 00000000 <res Ah>                	InBuf resb 10
    10                                  	lenIn equ $-InBuf
    11                                  section .text
    12                                  	global _start
    13                                  _start:
    14                                  	; write
    15 00000000 B804000000              	mov eax, 4
    16 00000005 BB01000000              	mov ebx, 1
    17 0000000A B9[18000000]            	mov ecx, ExitMsg
    18 0000000F BA14000000              	mov edx, lenExit
    19 00000014 CD80                    	int 80h
    20                                  	; read
    21 00000016 B803000000              	mov eax, 3
    22 0000001B BB00000000              	mov ebx, 0
    23 00000020 B9[00000000]            	mov ecx, InBuf
    24 00000025 BA0A000000              	mov edx, lenIn
    25 0000002A CD80                    	int 80h
    26                                  	; exit
    27 0000002C B801000000              	mov eax, 1
    28 00000031 31DB                    	xor ebx, ebx
    29 00000033 CD80                    	int 80h;
